------------------------------------------------------------
Timing Analyzer Summary
------------------------------------------------------------

Type  : Slow 1100mV 100C Model Setup 'CLOCK_50'
Slack : -2.997
TNS   : -287.573

Type  : Slow 1100mV 100C Model Hold 'CLOCK_50'
Slack : 0.334
TNS   : 0.000

Type  : Slow 1100mV 100C Model Minimum Pulse Width 'CLOCK_50'
Slack : -0.538
TNS   : -122.074

Type  : Slow 1100mV -40C Model Setup 'CLOCK_50'
Slack : -2.897
TNS   : -279.617

Type  : Slow 1100mV -40C Model Hold 'CLOCK_50'
Slack : 0.266
TNS   : 0.000

Type  : Slow 1100mV -40C Model Minimum Pulse Width 'CLOCK_50'
Slack : -0.538
TNS   : -128.693

Type  : Fast 1100mV 100C Model Setup 'CLOCK_50'
Slack : -0.974
TNS   : -61.890

Type  : Fast 1100mV 100C Model Hold 'CLOCK_50'
Slack : 0.179
TNS   : 0.000

Type  : Fast 1100mV 100C Model Minimum Pulse Width 'CLOCK_50'
Slack : -0.095
TNS   : -13.972

Type  : Fast 1100mV -40C Model Setup 'CLOCK_50'
Slack : -0.734
TNS   : -39.603

Type  : Fast 1100mV -40C Model Hold 'CLOCK_50'
Slack : 0.143
TNS   : 0.000

Type  : Fast 1100mV -40C Model Minimum Pulse Width 'CLOCK_50'
Slack : -0.091
TNS   : -13.519

------------------------------------------------------------
